sample_files/Session_1.kt sample_files/Session_2.kt
ba818c1d41a4d7f30bdd2fd44c943f30  -

sample_files/ada_1.adb sample_files/ada_2.adb
e9c24b0ad61e4f45b2c2061a5a118025  -

sample_files/added_line_1.txt sample_files/added_line_2.txt
f075d035fbcda709c7f98a7249e81afc  -

sample_files/align_footer_1.txt sample_files/align_footer_2.txt
0cce9fc57d311bac632646f0400a92cf  -

sample_files/all_changed_1.js sample_files/all_changed_2.js
3731c018407479eccc9a5e3654b03a4d  -

sample_files/apex_1.cls sample_files/apex_2.cls
8e477350907734ac4d5201752523dff3  -

sample_files/b2_math_1.h sample_files/b2_math_2.h
a7c262c5abb8ee938e0da558aaa2e3b9  -

sample_files/bad_combine_1.rs sample_files/bad_combine_2.rs
7c3f9d1a0e15fab4949189b91cabd3ca  -

sample_files/big_text_hunk_1.txt sample_files/big_text_hunk_2.txt
7e915ea18f6f6275dbe2c81be5807cce  -

sample_files/change_outer_1.el sample_files/change_outer_2.el
24dbea4807ab157e92b2ac203510ffb1  -

sample_files/chinese_1.po sample_files/chinese_2.po
21a73473657c9be63e2f36174102f464  -

sample_files/clojure_1.clj sample_files/clojure_2.clj
d509c2f58339f809d1ae69a6035dc563  -

sample_files/comma_1.js sample_files/comma_2.js
3131eec94cbf575732bbdc07e0708b0f  -

sample_files/comma_and_comment_1.js sample_files/comma_and_comment_2.js
8ed2f1a7f81e5dc8f0ede6d6430f2c25  -

sample_files/comments_1.rs sample_files/comments_2.rs
4b100176c2db83fcc38030c8df7efc61  -

sample_files/context_1.rs sample_files/context_2.rs
0e6988286afe55c8fbfb3e65577ccb3a  -

sample_files/contiguous_1.js sample_files/contiguous_2.js
582ab0cbb455852a6c8b19f3632a3d4e  -

sample_files/css_1.css sample_files/css_2.css
1ca6e9ea9fa4b29686f80a5792184d62  -

sample_files/dart_1.dart sample_files/dart_2.dart
19a8f2b94daec9e5659f85eb5bf9e764  -

sample_files/devicetree_1.dts sample_files/devicetree_2.dts
21a9f8ebbc5761aaa246fc0834f1bbc6  -

sample_files/elisp_1.el sample_files/elisp_2.el
a706ad7156b9a40d08dae670c24b56ab  -

sample_files/elisp_contiguous_1.el sample_files/elisp_contiguous_2.el
f4bdde4b4326df0a06baa90ebf122031  -

sample_files/elixir_1.ex sample_files/elixir_2.ex
5abdc610f133fb66c6f9e47c06add0f3  -

sample_files/elm_1.elm sample_files/elm_2.elm
1caf395b92ef9215e0a776ae40e98f26  -

sample_files/elvish_1.elv sample_files/elvish_2.elv
53093ca5bb4eaad2d5557e5028ccf442  -

sample_files/erlang_1.erl sample_files/erlang_2.erl
88f298906fcfea7e0f0dac6ac0741667  -

sample_files/f_sharp_1.fs sample_files/f_sharp_2.fs
c67b0ea582f201bc56996d64a08fb44b  -

sample_files/hack_1.php sample_files/hack_2.php
16a3de7b85343a37379b4ad27914d151  -

sample_files/hare_1.ha sample_files/hare_2.ha
049903f7147d4bd5a9c0a9b2d8613581  -

sample_files/haskell_1.hs sample_files/haskell_2.hs
2e15c37cb29a4333fd60e206e2a46ca2  -

sample_files/hcl_1.hcl sample_files/hcl_2.hcl
7d0a974cb8926d81f691a3bda7a3c9a5  -

sample_files/hello_world_1.smali sample_files/hello_world_2.smali
24683e468d5f3c1029f3e22d0bc35afe  -

sample_files/helpful_1.el sample_files/helpful_2.el
45f294a2e8e192aea09d8bf9d0a9eb82  -

sample_files/html_1.html sample_files/html_2.html
9a196d969a60f38f30d50234b333ea82  -

sample_files/html_simple_1.html sample_files/html_simple_2.html
d5970bc1e22f3d6dd1e23f932741cf6f  -

sample_files/huge_cpp_1.cpp sample_files/huge_cpp_2.cpp
80f8cb3ed5920fe14f69b32aa5bd83c3  -

sample_files/hyphen_subwords_1.json sample_files/hyphen_subwords_2.json
823f80b132f0eeb774d15ec7c677a7c0  -

sample_files/identical_1.scala sample_files/identical_2.scala
15c5a789e644348cb7e0de051ff4b63e  -

sample_files/if_1.py sample_files/if_2.py
7878eb0525ea5fd7b74931131af20b77  -

sample_files/insert_blank_1.txt sample_files/insert_blank_2.txt
d1ccb18a2c9641c9d44ce929f2d2918f  -

sample_files/janet_1.janet sample_files/janet_2.janet
4b836c084c2a674ab18cbce0f81925de  -

sample_files/java_1.java sample_files/java_2.java
1e4109b6983782a1d31d51db4a82b701  -

sample_files/javascript_1.js sample_files/javascript_2.js
92d0f1a7b7c5a3a9f366d56a5c6bc54f  -

sample_files/javascript_simple_1.js sample_files/javascript_simple_2.js
276bec216f60bd3bfbed9f4f9b886c5c  -

sample_files/json_1.json sample_files/json_2.json
d3ff5af99eff4bef4e10804c07e42a5b  -

sample_files/jsx_1.jsx sample_files/jsx_2.jsx
16185eaf49e494937c9a902e95ea0f72  -

sample_files/julia_1.jl sample_files/julia_2.jl
6ab6851362cb5b2c6b79e6c7cf525650  -

sample_files/load_1.js sample_files/load_2.js
a2a9486ac4a887ea76492570747542f0  -

sample_files/long_line_1.txt sample_files/long_line_2.txt
f7ceed057820f3d987eb780322ad7827  -

sample_files/lua_1.lua sample_files/lua_2.lua
c72297774ab04219a2b54ecd725a63d1  -

sample_files/makefile_1.mk sample_files/makefile_2.mk
5e9c114300ccfb05e2d3cdb7aa4c7abf  -

sample_files/many_newlines_1.txt sample_files/many_newlines_2.txt
b3581da593e5fee9ebfa62501c4ecfc5  -

sample_files/metadata_1.clj sample_files/metadata_2.clj
06f42bb27419e02081bacfe294a6f158  -

sample_files/modules_1.ml sample_files/modules_2.ml
c948e2c723968295d42fd7c899cb6e7d  -

sample_files/multibyte_1.py sample_files/multibyte_2.py
81f16121aa9350021d5f63478f5c9895  -

sample_files/multiline_string_1.ml sample_files/multiline_string_2.ml
21d7685a33b9f7a9a1c7010e47b072ba  -

sample_files/multiline_string_eof_1.yml sample_files/multiline_string_eof_2.yml
5709664b74fe8fd6c8730ed20454e70a  -

sample_files/nest_1.rs sample_files/nest_2.rs
42c4cfc430d7817dc319f9dc21267122  -

sample_files/nested_slider_1.el sample_files/nested_slider_2.el
1ddb317a41e07f04a378febacc478297  -

sample_files/nested_slider_1.rs sample_files/nested_slider_2.rs
d82b03f6cf5030bd7c3a181d4c66f9eb  -

sample_files/nesting_1.el sample_files/nesting_2.el
1f3c569722e3648216152b879e403021  -

sample_files/newick_1.nwk sample_files/newick_2.nwk
708e2498de9283701fd99a9291699590  -

sample_files/nix_1.nix sample_files/nix_2.nix
433d1c57f4f526b8879378eae2c2e1a9  -

sample_files/nullable_1.kt sample_files/nullable_2.kt
ef9bbca2911800a5c08839c9d833b20a  -

sample_files/objc_header_1.h sample_files/objc_header_2.h
84ab18a5d05354b1aed93cf0e1d34feb  -

sample_files/objc_module_1.m sample_files/objc_module_2.m
d69ccfdc1ab110787ffbf8a2f3ffd3f7  -

sample_files/ocaml_1.ml sample_files/ocaml_2.ml
da5f64038efa4984e74de54fdb8c46ba  -

sample_files/outer_delimiter_1.el sample_files/outer_delimiter_2.el
80cefdda1be88466eee003c4a9f9cea4  -

sample_files/pascal_1.pascal sample_files/pascal_2.pascal
5bc51a42ccd8b3440e8b8d49d3d1dd1e  -

sample_files/perl_1.pl sample_files/perl_2.pl
8057ff85ecbef5174156ab33114c95b1  -

sample_files/prefer_outer_1.el sample_files/prefer_outer_2.el
3a1d86ffedd4f8f6174307f44e81c630  -

sample_files/preprocessor_1.h sample_files/preprocessor_2.h
9885250fddb349d532d8e0707ac73566  -

sample_files/qml_1.qml sample_files/qml_2.qml
f207cf2b8ffe114b6387921475fdabff  -

sample_files/r_1.R sample_files/r_2.R
769248a75ec5f0edc20c384db9d32ba9  -

sample_files/racket_1.rkt sample_files/racket_2.rkt
4abcbc0e8ffe11a577a9d9abd5e48fa4  -

sample_files/repeated_line_no_eol_1.txt sample_files/repeated_line_no_eol_2.txt
1b2700d95b71e34d29c3adfdce4e7890  -

sample_files/ruby_1.rb sample_files/ruby_2.rb
eb2be00d45367691a4b5e3f4ccfb7486  -

sample_files/scala_1.scala sample_files/scala_2.scala
026cb4d506180f0a2b25e2daa4a34631  -

sample_files/scheme_1.scm sample_files/scheme_2.scm
aaf69c23d66c2015355d3cb110f6a950  -

sample_files/simple_1.js sample_files/simple_2.js
20acce811583801e9dfdb3282fb20819  -

sample_files/simple_1.scss sample_files/simple_2.scss
785bfc15452d1ded5690132bab2a8dae  -

sample_files/simple_1.txt sample_files/simple_2.txt
7aa764202b0ce021de6d98bc7f0f4648  -

sample_files/slider_1.rs sample_files/slider_2.rs
16fde27315b0c050e300afadf1b79461  -

sample_files/slider_at_end_1.json sample_files/slider_at_end_2.json
59236f55c4c9f29212a83f4138500433  -

sample_files/slow_1.rs sample_files/slow_2.rs
d3ec47247b9b7b7a98dfcd406c5885c8  -

sample_files/small_1.js sample_files/small_2.js
51cb76a51d470f1afd615dd5bc3ef6bc  -

sample_files/sql_1.sql sample_files/sql_2.sql
0e79715283235e6c3741b5ef2b0074c7  -

sample_files/string_subwords_1.el sample_files/string_subwords_2.el
66f15b96cdaf25429c91370266dd0a85  -

sample_files/strings_1.el sample_files/strings_2.el
c53356c3d26293433696d388468b33c4  -

sample_files/swift_1.swift sample_files/swift_2.swift
38986521f383b123fa9d1518f0edce98  -

sample_files/syntax_error_1.js sample_files/syntax_error_2.js
678ab56cff6184d4ff1b54b733cefe82  -

sample_files/tab_1.c sample_files/tab_2.c
b119d42c83d6c378dd52f6864817f9d5  -

sample_files/tab_1.txt sample_files/tab_2.txt
07f8a7283b125de4b835813b02a5d9c5  -

sample_files/tailwind_1.css sample_files/tailwind_2.css
6301e5072347fb247669803851b14fcb  -

sample_files/text_1.txt sample_files/text_2.txt
6a86656ea39a71c98076c012990fa2e7  -

sample_files/todomvc_1.gleam sample_files/todomvc_2.gleam
1add2a12c4671886713ca69565acb897  -

sample_files/toml_1.toml sample_files/toml_2.toml
6cb2817fd9bd6c47186ca6777b51cf7a  -

sample_files/trailling_newline_1.yaml sample_files/trailling_newline_2.yaml
5705fd2e9ce109f7248b4fb9c368a584  -

sample_files/typescript_1.ts sample_files/typescript_2.ts
db2c6dbe3d1118b0f2331bd2b7452924  -

sample_files/typing_1.ml sample_files/typing_2.ml
7efaf3a31a04fe57d9ae7ad60886e3a8  -

sample_files/utf16_1.py sample_files/utf16_2.py
04180e70c4df6550736797d00154ca1d  -

sample_files/verilog_1.sv sample_files/verilog_2.sv
18c23cb64a7d98fe09fba45ba9315ce6  -

sample_files/vhdl_1.vhd sample_files/vhdl_2.vhd
4dab7182190e1d25f522e0421e7d7818  -

sample_files/whitespace_1.tsx sample_files/whitespace_2.tsx
533e6214cbab5c2720d7639eae0ce688  -

sample_files/windows1251_1.txt sample_files/windows1251_2.txt
a61a64589c28fd7e483a36e09e0ac54a  -

sample_files/xml_1.xml sample_files/xml_2.xml
5da6ae4db97f1c5b2ea2784c7c47b8b9  -

sample_files/yaml_1.yaml sample_files/yaml_2.yaml
25e896cbb652ea74a76938a7113129e0  -

sample_files/zig_1.zig sample_files/zig_2.zig
98d40167f4bca872276c92affd2a5b25  -

