sample_files/Session_1.kt sample_files/Session_2.kt
979a9b1d0bed6669050a6bac4baa20d5  -

sample_files/ada_1.adb sample_files/ada_2.adb
c1c267759edcc61393405a87f832ccf4  -

sample_files/added_line_1.txt sample_files/added_line_2.txt
d4ef5dd340d22b4c16721a68345b1034  -

sample_files/align_footer_1.txt sample_files/align_footer_2.txt
5cab6a5e54995212546f8367077a0599  -

sample_files/all_changed_1.js sample_files/all_changed_2.js
4325978bc50e9a61944a4efcbea8a975  -

sample_files/apex_1.cls sample_files/apex_2.cls
8e477350907734ac4d5201752523dff3  -

sample_files/b2_math_1.h sample_files/b2_math_2.h
4ff1bdad405ff135dbc1121419b579a7  -

sample_files/bad_combine_1.rs sample_files/bad_combine_2.rs
d9f4b8ecfc49a627f84c1dac8a8c2825  -

sample_files/big_text_hunk_1.txt sample_files/big_text_hunk_2.txt
8ce79fb0330cc49e4b6d36d8a642119d  -

sample_files/change_outer_1.el sample_files/change_outer_2.el
ddee1484e06917486b6dd7dc5a035593  -

sample_files/chinese_1.po sample_files/chinese_2.po
c1e40fb0de16b84f782a4fe9fb74bc34  -

sample_files/clojure_1.clj sample_files/clojure_2.clj
9add53dbb6813f89fe1a6a829470e86e  -

sample_files/comma_1.js sample_files/comma_2.js
e14b54a9ef3290f977122ad6561237ce  -

sample_files/comma_and_comment_1.js sample_files/comma_and_comment_2.js
92a2d1d6c0d02dda5113debe91667a4f  -

sample_files/comments_1.rs sample_files/comments_2.rs
43fb30af7d7fe82e794593518d0af134  -

sample_files/context_1.rs sample_files/context_2.rs
5e747c41e7af7a405da8267d375b53e3  -

sample_files/contiguous_1.js sample_files/contiguous_2.js
c76a3b8b05ea7689a6b275a898848275  -

sample_files/css_1.css sample_files/css_2.css
048378ba71f34a01064ec2cad3fd49fc  -

sample_files/dart_1.dart sample_files/dart_2.dart
24b5bd860d29e8a4e9c3b08ecde12a4b  -

sample_files/devicetree_1.dts sample_files/devicetree_2.dts
9391072adbe8cb03c0ff5c1baed807e3  -

sample_files/elisp_1.el sample_files/elisp_2.el
05c5f9ce0c3ab38e9331df5ffb757c2d  -

sample_files/elisp_contiguous_1.el sample_files/elisp_contiguous_2.el
edf98cea038d1513fcbd2fb3f3d34e0d  -

sample_files/elixir_1.ex sample_files/elixir_2.ex
71ebcd5f109cbcdfffa755940f31a4bd  -

sample_files/elm_1.elm sample_files/elm_2.elm
9c4b30adadf054f16005b5fc3af39243  -

sample_files/elvish_1.elv sample_files/elvish_2.elv
469c8d854c16b87e06f668ec3768115b  -

sample_files/erlang_1.erl sample_files/erlang_2.erl
8b46f4a6d9db2e00864300914817d902  -

sample_files/f_sharp_1.fs sample_files/f_sharp_2.fs
e0cf4e504fc486c67df8eadafcc9c5c5  -

sample_files/hack_1.php sample_files/hack_2.php
f7132d4c8d7039dbf16a42580d7ece5e  -

sample_files/hare_1.ha sample_files/hare_2.ha
8518a42e98287507b5dbe8cf0c9b85f1  -

sample_files/haskell_1.hs sample_files/haskell_2.hs
0dfc5e8464ac5924f6bd28dedec0ad75  -

sample_files/hcl_1.hcl sample_files/hcl_2.hcl
38a5c6095fcfbd1ec5691f727cf74838  -

sample_files/hello_world_1.smali sample_files/hello_world_2.smali
406e5adcaa7ea5f682017c1c48d70542  -

sample_files/helpful_1.el sample_files/helpful_2.el
d8d3f56bff221a1b83e1fda8658d2275  -

sample_files/html_1.html sample_files/html_2.html
44fb77375c32913f4714f6f23f051fd6  -

sample_files/html_simple_1.html sample_files/html_simple_2.html
39277ed1d3e7a251110b5ff2aef2727b  -

sample_files/huge_cpp_1.cpp sample_files/huge_cpp_2.cpp
443acbd90486f457933a0c85581300fa  -

sample_files/hyphen_subwords_1.json sample_files/hyphen_subwords_2.json
61649cf3dc026ceb2134829dcdf3d667  -

sample_files/identical_1.scala sample_files/identical_2.scala
15c5a789e644348cb7e0de051ff4b63e  -

sample_files/if_1.py sample_files/if_2.py
9f6f6e26eb91917f1a449b5b8142f2de  -

sample_files/insert_blank_1.txt sample_files/insert_blank_2.txt
a5fd75afcc99aa7b2b285f1f9ced8607  -

sample_files/janet_1.janet sample_files/janet_2.janet
b6e43f14562a16d8fb6c9b498b1be651  -

sample_files/java_1.java sample_files/java_2.java
20f79c10c1cda7abbecf79ba21d8b2ff  -

sample_files/javascript_1.js sample_files/javascript_2.js
037d6e8ae415d754d246a51661d31a37  -

sample_files/javascript_simple_1.js sample_files/javascript_simple_2.js
7b0a81a32890ccc09390fae97f912cad  -

sample_files/json_1.json sample_files/json_2.json
cc3614a25c24d6edc520ba81f2b0863f  -

sample_files/jsx_1.jsx sample_files/jsx_2.jsx
95941e39d843528611e3eca1ea31a118  -

sample_files/julia_1.jl sample_files/julia_2.jl
4491872cb98977e4ad3b4c2f057ef221  -

sample_files/load_1.js sample_files/load_2.js
0cd1d1ad6e85d0c08eb1523b13580713  -

sample_files/long_line_1.txt sample_files/long_line_2.txt
90551f1f530499161830c25e99fca246  -

sample_files/lua_1.lua sample_files/lua_2.lua
d53498044d80a8608f47fb44268a1fd5  -

sample_files/makefile_1.mk sample_files/makefile_2.mk
d2896988bc3dc0cce34132f70012a286  -

sample_files/many_newlines_1.txt sample_files/many_newlines_2.txt
68901c71165ecfbeecf10ba5c5cefe7b  -

sample_files/metadata_1.clj sample_files/metadata_2.clj
2d2e2266497ec6e048a5b931c8233ca2  -

sample_files/modules_1.ml sample_files/modules_2.ml
908659017aab3876a07e4b3ba3d7bb1b  -

sample_files/multibyte_1.py sample_files/multibyte_2.py
055c649a49b3ee0e6869b57925c0e823  -

sample_files/multiline_string_1.ml sample_files/multiline_string_2.ml
0eb06c6a691809e0ce40ff6fbab8ac5e  -

sample_files/multiline_string_eof_1.yml sample_files/multiline_string_eof_2.yml
d994bf7fc396321cf7426af4ce68e72f  -

sample_files/nest_1.rs sample_files/nest_2.rs
e7a204c5d0c02f9fe8a11cbd7eaadcc5  -

sample_files/nested_slider_1.el sample_files/nested_slider_2.el
378eecc1208146fc720fefca5c9ca2c2  -

sample_files/nested_slider_1.rs sample_files/nested_slider_2.rs
2ff23861eed89cab8fa34a461bae2ae8  -

sample_files/nesting_1.el sample_files/nesting_2.el
128690718a8385897cf3d3abfb67d9ec  -

sample_files/newick_1.nwk sample_files/newick_2.nwk
d730e0eb44cf0cb38807f60e9f0e1016  -

sample_files/nix_1.nix sample_files/nix_2.nix
2b41176409b525a273ec303372e17d02  -

sample_files/nullable_1.kt sample_files/nullable_2.kt
f8684dc81cd4760a267e8879f8f2e623  -

sample_files/objc_header_1.h sample_files/objc_header_2.h
5c2b39aaeae4d1030281c338c69efec3  -

sample_files/objc_module_1.m sample_files/objc_module_2.m
f7a52c959f4223a29112e01c877824ac  -

sample_files/ocaml_1.ml sample_files/ocaml_2.ml
46cf7677da7e02ae9bc4e97940493b4c  -

sample_files/outer_delimiter_1.el sample_files/outer_delimiter_2.el
de9e2952897d744b5c11fa88554d76bc  -

sample_files/pascal_1.pascal sample_files/pascal_2.pascal
4190d03367097384bffdf0b9bad1112a  -

sample_files/perl_1.pl sample_files/perl_2.pl
ff97991ea5a4e7afbcdad9fe7b1f7534  -

sample_files/prefer_outer_1.el sample_files/prefer_outer_2.el
559154348bbc665df54d439a605239dc  -

sample_files/preprocessor_1.h sample_files/preprocessor_2.h
2b69a1b5f095ffddcfaab48953bf2fa1  -

sample_files/qml_1.qml sample_files/qml_2.qml
ec0f8c1708f9d39dd817dca9c5f58480  -

sample_files/r_1.R sample_files/r_2.R
2dc2a5d26e70472e64b0800a25925aef  -

sample_files/racket_1.rkt sample_files/racket_2.rkt
c3e99ea6f533a29a88d4324aa8f57980  -

sample_files/repeated_line_no_eol_1.txt sample_files/repeated_line_no_eol_2.txt
3762a005b996883f2bc32a5491c98bae  -

sample_files/ruby_1.rb sample_files/ruby_2.rb
9c1b567cf7389f3d6a13edd6bfa1c390  -

sample_files/scala_1.scala sample_files/scala_2.scala
b1aec360fa938b38c73328812ce0bf14  -

sample_files/scheme_1.scm sample_files/scheme_2.scm
6192aacc14c0320f0d5532e1cc01a111  -

sample_files/simple_1.js sample_files/simple_2.js
51642f3db30eef713456b19e1a1a7d7b  -

sample_files/simple_1.scss sample_files/simple_2.scss
581522231813005f006b5499b14192c8  -

sample_files/simple_1.txt sample_files/simple_2.txt
a3c14a815d4a17b6dce5f27896ee6eda  -

sample_files/slider_1.rs sample_files/slider_2.rs
067020fda6386f16ca8d1f3aa01e0270  -

sample_files/slider_at_end_1.json sample_files/slider_at_end_2.json
30418d621501a1a5fc748cc423d519df  -

sample_files/slow_1.rs sample_files/slow_2.rs
69e00e85b4b2ad82fb430b205cf33f1c  -

sample_files/small_1.js sample_files/small_2.js
d8c8971945546c5cd721445985a61448  -

sample_files/sql_1.sql sample_files/sql_2.sql
defeed5e4602c881743f89bcd5b4caa2  -

sample_files/string_subwords_1.el sample_files/string_subwords_2.el
f4a302a3f70b180d838024ddf631df39  -

sample_files/strings_1.el sample_files/strings_2.el
4798cf2578db10ceb071cbd9c1e6cce5  -

sample_files/swift_1.swift sample_files/swift_2.swift
15b843bbe5e5c3e1bbec6efece91ff33  -

sample_files/syntax_error_1.js sample_files/syntax_error_2.js
40582016e6acef6d56f8d325b086ff3f  -

sample_files/tab_1.c sample_files/tab_2.c
676c4e16fac8c9d6194225f2f4ae087f  -

sample_files/tab_1.txt sample_files/tab_2.txt
936c260d3a6835337e19f7b9ca222f53  -

sample_files/tailwind_1.css sample_files/tailwind_2.css
f490a13e343d498d36f02be1738b5dbb  -

sample_files/text_1.txt sample_files/text_2.txt
abc1341707510937d354357c43445774  -

sample_files/todomvc_1.gleam sample_files/todomvc_2.gleam
443194d2c9c11c8deae2bacdb579ac2f  -

sample_files/toml_1.toml sample_files/toml_2.toml
53cafdf05a1560e2e33272ef8dc6854e  -

sample_files/trailling_newline_1.yaml sample_files/trailling_newline_2.yaml
1058c9bd588a785bc113a80c993ecbf1  -

sample_files/typescript_1.ts sample_files/typescript_2.ts
a9e74106c7513ae4678cab33619eb82b  -

sample_files/typing_1.ml sample_files/typing_2.ml
49038b6fef0f1b1fdcb6a1c957820af7  -

sample_files/utf16_1.py sample_files/utf16_2.py
eba227d0c65e197afb638e1e762549cf  -

sample_files/verilog_1.sv sample_files/verilog_2.sv
a79bf66f11d15fbd4b644027ed9d738a  -

sample_files/vhdl_1.vhd sample_files/vhdl_2.vhd
cca351f006eab05ffc2d495dde4eb395  -

sample_files/whitespace_1.tsx sample_files/whitespace_2.tsx
b422853aacf292b64e68f74188c8aa2e  -

sample_files/windows1251_1.txt sample_files/windows1251_2.txt
55e310b8342b77d1d901dc09d9303c58  -

sample_files/xml_1.xml sample_files/xml_2.xml
a88766c5ef7975b80b2e4a6ee63f2a46  -

sample_files/yaml_1.yaml sample_files/yaml_2.yaml
14ab54d29d54892b49827dbb67282421  -

sample_files/zig_1.zig sample_files/zig_2.zig
8502e1ccb9dab778a406f9d9033a6bd3  -

